This is pdfTeX, Version 3.141592653-2.6-1.40.29 (TeX Live 2026) (preloaded format=pdflatex 2026.3.24)  3 APR 2026 16:30
entering extended mode
 restricted \write18 enabled.
 %&-line parsing enabled.
**assignment4_report.tex
(./assignment4_report.tex
LaTeX2e <2025-11-01>
L3 programming layer <2026-01-19>
(/usr/local/texlive/2026basic/texmf-dist/tex/latex/base/article.cls
Document Class: article 2025/01/22 v1.4n Standard LaTeX document class
(/usr/local/texlive/2026basic/texmf-dist/tex/latex/base/size10.clo
File: size10.clo 2025/01/22 v1.4n Standard LaTeX file (size option)
)
\c@part=\count275
\c@section=\count276
\c@subsection=\count277
\c@subsubsection=\count278
\c@paragraph=\count279
\c@subparagraph=\count280
\c@figure=\count281
\c@table=\count282
\abovecaptionskip=\skip49
\belowcaptionskip=\skip50
\bibindent=\dimen148
)
(/usr/local/texlive/2026basic/texmf-dist/tex/latex/geometry/geometry.sty
Package: geometry 2020/01/02 v5.9 Page Geometry

(/usr/local/texlive/2026basic/texmf-dist/tex/latex/graphics/keyval.sty
Package: keyval 2022/05/29 v1.15 key=value parser (DPC)
\KV@toks@=\toks17
)
(/usr/local/texlive/2026basic/texmf-dist/tex/generic/iftex/ifvtex.sty
Package: ifvtex 2019/10/25 v1.7 ifvtex legacy package. Use iftex instead.

(/usr/local/texlive/2026basic/texmf-dist/tex/generic/iftex/iftex.sty
Package: iftex 2024/12/12 v1.0g TeX engine tests
))
\Gm@cnth=\count283
\Gm@cntv=\count284
\c@Gm@tempcnt=\count285
\Gm@bindingoffset=\dimen149
\Gm@wd@mp=\dimen150
\Gm@odd@mp=\dimen151
\Gm@even@mp=\dimen152
\Gm@layoutwidth=\dimen153
\Gm@layoutheight=\dimen154
\Gm@layouthoffset=\dimen155
\Gm@layoutvoffset=\dimen156
\Gm@dimlist=\toks18
)
(/usr/local/texlive/2026basic/texmf-dist/tex/latex/base/inputenc.sty
Package: inputenc 2024/02/08 v1.3d Input encoding file
\inpenc@prehook=\toks19
\inpenc@posthook=\toks20
)
(/usr/local/texlive/2026basic/texmf-dist/tex/latex/setspace/setspace.sty
Package: setspace 2022/12/04 v6.7b set line spacing
)
(/usr/local/texlive/2026basic/texmf-dist/tex/latex/xcolor/xcolor.sty
Package: xcolor 2024/09/29 v3.02 LaTeX color extensions (UK)

(/usr/local/texlive/2026basic/texmf-dist/tex/latex/graphics-cfg/color.cfg
File: color.cfg 2016/01/02 v1.6 sample color configuration
)
Package xcolor Info: Driver file: pdftex.def on input line 274.

(/usr/local/texlive/2026basic/texmf-dist/tex/latex/graphics-def/pdftex.def
File: pdftex.def 2025/09/29 v1.2d Graphics/color driver for pdftex
)
(/usr/local/texlive/2026basic/texmf-dist/tex/latex/graphics/mathcolor.ltx)
Package xcolor Info: Model `cmy' substituted by `cmy0' on input line 1349.
Package xcolor Info: Model `hsb' substituted by `rgb' on input line 1353.
Package xcolor Info: Model `RGB' extended on input line 1365.
Package xcolor Info: Model `HTML' substituted by `rgb' on input line 1367.
Package xcolor Info: Model `Hsb' substituted by `hsb' on input line 1368.
Package xcolor Info: Model `tHsb' substituted by `hsb' on input line 1369.
Package xcolor Info: Model `HSB' substituted by `hsb' on input line 1370.
Package xcolor Info: Model `Gray' substituted by `gray' on input line 1371.
Package xcolor Info: Model `wave' substituted by `hsb' on input line 1372.
)
(/usr/local/texlive/2026basic/texmf-dist/tex/latex/colortbl/colortbl.sty
Package: colortbl 2024/10/29 v1.0k Color table columns (DPC)

(/usr/local/texlive/2026basic/texmf-dist/tex/latex/tools/array.sty
Package: array 2025/09/25 v2.6n Tabular extension package (FMi)
\col@sep=\dimen157
\ar@mcellbox=\box53
\extrarowheight=\dimen158
\NC@list=\toks21
\extratabsurround=\skip51
\backup@length=\skip52
\ar@cellbox=\box54
)
\everycr=\toks22
\minrowclearance=\skip53
\rownum=\count286
)
(/usr/local/texlive/2026basic/texmf-dist/tex/latex/tools/tabularx.sty
Package: tabularx 2023/12/11 v2.12a `tabularx' package (DPC)
\TX@col@width=\dimen159
\TX@old@table=\dimen160
\TX@old@col=\dimen161
\TX@target=\dimen162
\TX@delta=\dimen163
\TX@cols=\count287
\TX@ftn=\toks23
)
(/usr/local/texlive/2026basic/texmf-dist/tex/latex/booktabs/booktabs.sty
Package: booktabs 2020/01/12 v1.61803398 Publication quality tables
\heavyrulewidth=\dimen164
\lightrulewidth=\dimen165
\cmidrulewidth=\dimen166
\belowrulesep=\dimen167
\belowbottomsep=\dimen168
\aboverulesep=\dimen169
\abovetopsep=\dimen170
\cmidrulesep=\dimen171
\cmidrulekern=\dimen172
\defaultaddspace=\dimen173
\@cmidla=\count288
\@cmidlb=\count289
\@aboverulesep=\dimen174
\@belowrulesep=\dimen175
\@thisruleclass=\count290
\@lastruleclass=\count291
\@thisrulewidth=\dimen176
)
(/usr/local/texlive/2026basic/texmf-dist/tex/latex/graphics/graphicx.sty
Package: graphicx 2024/12/31 v1.2e Enhanced LaTeX Graphics (DPC,SPQR)

(/usr/local/texlive/2026basic/texmf-dist/tex/latex/graphics/graphics.sty
Package: graphics 2024/08/06 v1.4g Standard LaTeX Graphics (DPC,SPQR)

(/usr/local/texlive/2026basic/texmf-dist/tex/latex/graphics/trig.sty
Package: trig 2023/12/02 v1.11 sin cos tan (DPC)
)
(/usr/local/texlive/2026basic/texmf-dist/tex/latex/graphics-cfg/graphics.cfg
File: graphics.cfg 2016/06/04 v1.11 sample graphics configuration
)
Package graphics Info: Driver file: pdftex.def on input line 106.
)
\Gin@req@height=\dimen177
\Gin@req@width=\dimen178
) (/usr/local/texlive/2026basic/texmf-dist/tex/latex/float/float.sty
Package: float 2001/11/08 v1.3d Float enhancements (AL)
\c@float@type=\count292
\float@exts=\toks24
\float@box=\box55
\@float@everytoks=\toks25
\@floatcapt=\box56
)
(/usr/local/texlive/2026basic/texmf-dist/tex/latex/caption/caption.sty
Package: caption 2023/08/05 v3.6o Customizing captions (AR)

(/usr/local/texlive/2026basic/texmf-dist/tex/latex/caption/caption3.sty
Package: caption3 2023/07/31 v2.4d caption3 kernel (AR)
\caption@tempdima=\dimen179
\captionmargin=\dimen180
\caption@leftmargin=\dimen181
\caption@rightmargin=\dimen182
\caption@width=\dimen183
\caption@indent=\dimen184
\caption@parindent=\dimen185
\caption@hangindent=\dimen186
Package caption Info: Standard document class detected.
)
\c@caption@flags=\count293
\c@continuedfloat=\count294
Package caption Info: float package is loaded.
)
(/usr/local/texlive/2026basic/texmf-dist/tex/latex/ragged2e/ragged2e.sty
Package: ragged2e 2023/06/22 v3.6 ragged2e Package
\CenteringLeftskip=\skip54
\RaggedLeftLeftskip=\skip55
\RaggedRightLeftskip=\skip56
\CenteringRightskip=\skip57
\RaggedLeftRightskip=\skip58
\RaggedRightRightskip=\skip59
\CenteringParfillskip=\skip60
\RaggedLeftParfillskip=\skip61
\RaggedRightParfillskip=\skip62
\JustifyingParfillskip=\skip63
\CenteringParindent=\skip64
\RaggedLeftParindent=\skip65
\RaggedRightParindent=\skip66
\JustifyingParindent=\skip67
)
(/usr/local/texlive/2026basic/texmf-dist/tex/latex/l3backend/l3backend-pdftex.d
ef
File: l3backend-pdftex.def 2025-10-09 L3 backend support: PDF output (pdfTeX)
\l__color_backend_stack_int=\count295
) (./assignment4_report.aux)
\openout1 = `assignment4_report.aux'.

LaTeX Font Info:    Checking defaults for OML/cmm/m/it on input line 77.
LaTeX Font Info:    ... okay on input line 77.
LaTeX Font Info:    Checking defaults for OMS/cmsy/m/n on input line 77.
LaTeX Font Info:    ... okay on input line 77.
LaTeX Font Info:    Checking defaults for OT1/cmr/m/n on input line 77.
LaTeX Font Info:    ... okay on input line 77.
LaTeX Font Info:    Checking defaults for T1/cmr/m/n on input line 77.
LaTeX Font Info:    ... okay on input line 77.
LaTeX Font Info:    Checking defaults for TS1/cmr/m/n on input line 77.
LaTeX Font Info:    ... okay on input line 77.
LaTeX Font Info:    Checking defaults for OMX/cmex/m/n on input line 77.
LaTeX Font Info:    ... okay on input line 77.
LaTeX Font Info:    Checking defaults for U/cmr/m/n on input line 77.
LaTeX Font Info:    ... okay on input line 77.

*geometry* driver: auto-detecting
*geometry* detected driver: pdftex
*geometry* verbose mode - [ preamble ] result:
* driver: pdftex
* paper: a4paper
* layout: <same size as paper>
* layoutoffset:(h,v)=(0.0pt,0.0pt)
* modes: 
* h-part:(L,W,R)=(41.25641pt, 514.99506pt, 41.25641pt)
* v-part:(T,H,B)=(34.14322pt, 776.7604pt, 34.14322pt)
* \paperwidth=597.50787pt
* \paperheight=845.04684pt
* \textwidth=514.99506pt
* \textheight=776.7604pt
* \oddsidemargin=-31.01358pt
* \evensidemargin=-31.01358pt
* \topmargin=-75.12677pt
* \headheight=12.0pt
* \headsep=25.0pt
* \topskip=10.0pt
* \footskip=30.0pt
* \marginparwidth=57.0pt
* \marginparsep=11.0pt
* \columnsep=10.0pt
* \skip\footins=9.0pt plus 4.0pt minus 2.0pt
* \hoffset=0.0pt
* \voffset=0.0pt
* \mag=1000
* \@twocolumnfalse
* \@twosidefalse
* \@mparswitchfalse
* \@reversemarginfalse
* (1in=72.27pt=25.4mm, 1cm=28.453pt)

(/usr/local/texlive/2026basic/texmf-dist/tex/context/base/mkii/supp-pdf.mkii
[Loading MPS to PDF converter (version 2006.09.02).]
\scratchcounter=\count296
\scratchdimen=\dimen187
\scratchbox=\box57
\nofMPsegments=\count297
\nofMParguments=\count298
\everyMPshowfont=\toks26
\MPscratchCnt=\count299
\MPscratchDim=\dimen188
\MPnumerator=\count300
\makeMPintoPDFobject=\count301
\everyMPtoPDFconversion=\toks27
)
(/usr/local/texlive/2026basic/texmf-dist/tex/latex/epstopdf-pkg/epstopdf-base.s
ty
Package: epstopdf-base 2020-01-24 v2.11 Base part for package epstopdf
Package epstopdf-base Info: Redefining graphics rule for `.eps' on input line 4
85.

(/usr/local/texlive/2026basic/texmf-dist/tex/latex/latexconfig/epstopdf-sys.cfg
File: epstopdf-sys.cfg 2010/07/13 v1.3 Configuration of (r)epstopdf for TeX Liv
e
))
Package caption Info: Begin \AtBeginDocument code.
Package caption Info: End \AtBeginDocument code.
LaTeX Font Info:    External font `cmex10' loaded for size
(Font)              <7> on input line 86.
LaTeX Font Info:    External font `cmex10' loaded for size
(Font)              <5> on input line 86.


LaTeX Font Warning: Font shape `OT1/cmr/m/n' in size <30> not available
(Font)              size <24.88> substituted on input line 94.


LaTeX Font Warning: Font shape `OT1/cmr/bx/n' in size <30> not available
(Font)              size <24.88> substituted on input line 94.


LaTeX Font Warning: Font shape `OT1/cmr/m/n' in size <20> not available
(Font)              size <20.74> substituted on input line 96.

[1

{/usr/local/texlive/2026basic/texmf-var/fonts/map/pdftex/updmap/pdftex.map}]

LaTeX Font Warning: Font shape `OT1/cmr/m/n' in size <15> not available
(Font)              size <14.4> substituted on input line 120.


LaTeX Font Warning: Font shape `OT1/cmr/bx/n' in size <15> not available
(Font)              size <14.4> substituted on input line 120.


LaTeX Font Warning: Font shape `OT1/cmr/m/n' in size <7.55> not available
(Font)              size <8> substituted on input line 129.

LaTeX Font Info:    Calculating math sizes for size <7.55> on input line 130.

LaTeX Font Warning: Font shape `OT1/cmr/m/n' in size <3.775> not available
(Font)              size <5> substituted on input line 130.


LaTeX Font Warning: Font shape `OML/cmm/m/it' in size <7.55> not available
(Font)              size <8> substituted on input line 130.


LaTeX Font Warning: Font shape `OML/cmm/m/it' in size <3.775> not available
(Font)              size <5> substituted on input line 130.


LaTeX Font Warning: Font shape `OMS/cmsy/m/n' in size <7.55> not available
(Font)              size <8> substituted on input line 130.


LaTeX Font Warning: Font shape `OMS/cmsy/m/n' in size <3.775> not available
(Font)              size <5> substituted on input line 130.

LaTeX Font Info:    External font `cmex10' loaded for size
(Font)              <7.55> on input line 130.
LaTeX Font Info:    External font `cmex10' loaded for size
(Font)              <5.28497> on input line 130.
LaTeX Font Info:    External font `cmex10' loaded for size
(Font)              <3.775> on input line 130.

LaTeX Font Warning: Font shape `OT1/cmtt/m/n' in size <7.55> not available
(Font)              size <8> substituted on input line 130.


LaTeX Font Warning: Font shape `OT1/cmr/bx/n' in size <7.55> not available
(Font)              size <8> substituted on input line 133.


Underfull \hbox (badness 10000) in paragraph at lines 149--151

 []

LaTeX Font Info:    Calculating math sizes for size <7.25> on input line 158.

LaTeX Font Warning: Font shape `OT1/cmr/m/n' in size <3.625> not available
(Font)              size <5> substituted on input line 158.


LaTeX Font Warning: Font shape `OML/cmm/m/it' in size <3.625> not available
(Font)              size <5> substituted on input line 158.


LaTeX Font Warning: Font shape `OMS/cmsy/m/n' in size <3.625> not available
(Font)              size <5> substituted on input line 158.

LaTeX Font Info:    External font `cmex10' loaded for size
(Font)              <7.25> on input line 158.
LaTeX Font Info:    External font `cmex10' loaded for size
(Font)              <5.07497> on input line 158.
LaTeX Font Info:    External font `cmex10' loaded for size
(Font)              <3.625> on input line 158.
<../figures/te_vs_k.png, id=10, 722.7pt x 361.35pt>
File: ../figures/te_vs_k.png Graphic file (type png)
<use ../figures/te_vs_k.png>
Package pdftex.def Info: ../figures/te_vs_k.png  used on input line 181.
(pdftex.def)             Requested size: 303.8407pt x 151.92035pt.
<../figures/information_ratio.png, id=12, 578.16pt x 289.08pt>
File: ../figures/information_ratio.png Graphic file (type png)
<use ../figures/information_ratio.png>
Package pdftex.def Info: ../figures/information_ratio.png  used on input line 1
86.
(pdftex.def)             Requested size: 200.84164pt x 100.4208pt.
LaTeX Font Info:    Calculating math sizes for size <6.9> on input line 192.

LaTeX Font Warning: Font shape `OT1/cmr/m/n' in size <3.45> not available
(Font)              size <5> substituted on input line 192.


LaTeX Font Warning: Font shape `OML/cmm/m/it' in size <3.45> not available
(Font)              size <5> substituted on input line 192.


LaTeX Font Warning: Font shape `OMS/cmsy/m/n' in size <3.45> not available
(Font)              size <5> substituted on input line 192.

LaTeX Font Info:    External font `cmex10' loaded for size
(Font)              <6.9> on input line 192.
LaTeX Font Info:    External font `cmex10' loaded for size
(Font)              <4.82997> on input line 192.
LaTeX Font Info:    External font `cmex10' loaded for size
(Font)              <3.45> on input line 192.

LaTeX Font Warning: Font shape `OT1/cmr/m/n' in size <7.45> not available
(Font)              size <7> substituted on input line 200.

LaTeX Font Info:    Calculating math sizes for size <7.45> on input line 201.

LaTeX Font Warning: Font shape `OT1/cmr/m/n' in size <3.72499> not available
(Font)              size <5> substituted on input line 201.


LaTeX Font Warning: Font shape `OML/cmm/m/it' in size <7.45> not available
(Font)              size <7> substituted on input line 201.


LaTeX Font Warning: Font shape `OML/cmm/m/it' in size <3.72499> not available
(Font)              size <5> substituted on input line 201.


LaTeX Font Warning: Font shape `OMS/cmsy/m/n' in size <7.45> not available
(Font)              size <7> substituted on input line 201.


LaTeX Font Warning: Font shape `OMS/cmsy/m/n' in size <3.72499> not available
(Font)              size <5> substituted on input line 201.

LaTeX Font Info:    External font `cmex10' loaded for size
(Font)              <7.45> on input line 201.
LaTeX Font Info:    External font `cmex10' loaded for size
(Font)              <5.21497> on input line 201.
LaTeX Font Info:    External font `cmex10' loaded for size
(Font)              <3.72499> on input line 201.
[2 <../figures/te_vs_k.png> <../figures/information_ratio.png>]
<../figures/sector_drift_lasso.png, id=30, 939.51pt x 361.35pt>
File: ../figures/sector_drift_lasso.png Graphic file (type png)
<use ../figures/sector_drift_lasso.png>
Package pdftex.def Info: ../figures/sector_drift_lasso.png  used on input line 
210.
(pdftex.def)             Requested size: 164.78944pt x 63.38055pt.
<../figures/sector_drift_ae.png, id=31, 939.51pt x 361.35pt>
File: ../figures/sector_drift_ae.png Graphic file (type png)
<use ../figures/sector_drift_ae.png>
Package pdftex.def Info: ../figures/sector_drift_ae.png  used on input line 215
.
(pdftex.def)             Requested size: 164.78944pt x 63.38055pt.
<../figures/sector_drift_ga.png, id=32, 939.51pt x 361.35pt>
File: ../figures/sector_drift_ga.png Graphic file (type png)
<use ../figures/sector_drift_ga.png>
Package pdftex.def Info: ../figures/sector_drift_ga.png  used on input line 220
.
(pdftex.def)             Requested size: 164.78944pt x 63.38055pt.


LaTeX Font Warning: Font shape `OT1/cmr/m/n' in size <6.55> not available
(Font)              size <7> substituted on input line 226.

LaTeX Font Info:    Calculating math sizes for size <7.2> on input line 239.

LaTeX Font Warning: Font shape `OT1/cmr/m/n' in size <3.59999> not available
(Font)              size <5> substituted on input line 239.


LaTeX Font Warning: Font shape `OML/cmm/m/it' in size <3.59999> not available
(Font)              size <5> substituted on input line 239.


LaTeX Font Warning: Font shape `OMS/cmsy/m/n' in size <3.59999> not available
(Font)              size <5> substituted on input line 239.

LaTeX Font Info:    External font `cmex10' loaded for size
(Font)              <7.2> on input line 239.
LaTeX Font Info:    External font `cmex10' loaded for size
(Font)              <5.03996> on input line 239.
LaTeX Font Info:    External font `cmex10' loaded for size
(Font)              <3.59999> on input line 239.
<../figures/cumret_val.png, id=33, 867.24pt x 361.35pt>
File: ../figures/cumret_val.png Graphic file (type png)
<use ../figures/cumret_val.png>
Package pdftex.def Info: ../figures/cumret_val.png  used on input line 248.
(pdftex.def)             Requested size: 252.34007pt x 105.1417pt.
<../figures/cumret_hold.png, id=34, 867.24pt x 361.35pt>
File: ../figures/cumret_hold.png Graphic file (type png)
<use ../figures/cumret_hold.png>
Package pdftex.def Info: ../figures/cumret_hold.png  used on input line 253.
(pdftex.def)             Requested size: 252.34007pt x 105.1417pt.

LaTeX Font Warning: Font shape `OT1/cmr/m/n' in size <6.5> not available
(Font)              size <6> substituted on input line 282.

! Undefined control sequence.
<argument> \FooterText 
                       
l.282 ...ctfont\textcolor{FooterGray}{\FooterText}
                                                  }
The control sequence at the end of the top line
of your error message was never \def'ed. If you have
misspelled it (e.g., `\hobx'), type `I' and the correct
spelling (e.g., `I\hbox'). Otherwise just continue,
and I'll forget about whatever was undefined.

[3 <../figures/sector_drift_lasso.png> <../figures/sector_drift_ae.png> <../fig
ures/sector_drift_ga.png> <../figures/cumret_val.png> <../figures/cumret_hold.p
ng>] (./assignment4_report.aux)
 ***********
LaTeX2e <2025-11-01>
L3 programming layer <2026-01-19>
 ***********


LaTeX Font Warning: Size substitutions with differences
(Font)              up to 5.12pt have occurred.

 ) 
Here is how much of TeX's memory you used:
 4399 strings out of 469006
 75884 string characters out of 5454813
 502150 words of memory out of 5000000
 33076 multiletter control sequences out of 15000+600000
 632312 words of font info for 56 fonts, out of 8000000 for 9000
 319 hyphenation exceptions out of 8191
 57i,10n,83p,777b,312s stack positions out of 10000i,1000n,20000p,200000b,200000s
</usr/local/texlive/2026basic/texmf-dist/fonts/type1/public/amsfonts/cm/cmbx1
0.pfb></usr/local/texlive/2026basic/texmf-dist/fonts/type1/public/amsfonts/cm/c
mbx12.pfb></usr/local/texlive/2026basic/texmf-dist/fonts/type1/public/amsfonts/
cm/cmbx7.pfb></usr/local/texlive/2026basic/texmf-dist/fonts/type1/public/amsfon
ts/cm/cmbx8.pfb></usr/local/texlive/2026basic/texmf-dist/fonts/type1/public/ams
fonts/cm/cmex10.pfb></usr/local/texlive/2026basic/texmf-dist/fonts/type1/public
/amsfonts/cm/cmmi5.pfb></usr/local/texlive/2026basic/texmf-dist/fonts/type1/pub
lic/amsfonts/cm/cmmi7.pfb></usr/local/texlive/2026basic/texmf-dist/fonts/type1/
public/amsfonts/cm/cmmi8.pfb></usr/local/texlive/2026basic/texmf-dist/fonts/typ
e1/public/amsfonts/cm/cmr10.pfb></usr/local/texlive/2026basic/texmf-dist/fonts/
type1/public/amsfonts/cm/cmr17.pfb></usr/local/texlive/2026basic/texmf-dist/fon
ts/type1/public/amsfonts/cm/cmr5.pfb></usr/local/texlive/2026basic/texmf-dist/f
onts/type1/public/amsfonts/cm/cmr7.pfb></usr/local/texlive/2026basic/texmf-dist
/fonts/type1/public/amsfonts/cm/cmr8.pfb></usr/local/texlive/2026basic/texmf-di
st/fonts/type1/public/amsfonts/cm/cmsy7.pfb></usr/local/texlive/2026basic/texmf
-dist/fonts/type1/public/amsfonts/cm/cmsy8.pfb></usr/local/texlive/2026basic/te
xmf-dist/fonts/type1/public/amsfonts/cm/cmtt8.pfb>
Output written on assignment4_report.pdf (3 pages, 826690 bytes).
PDF statistics:
 109 PDF objects out of 1000 (max. 8388607)
 57 compressed objects within 1 object stream
 0 named destinations out of 1000 (max. 500000)
 36 words of extra memory for PDF output out of 10000 (max. 10000000)

